// Jest Snapshot v1, https://goo.gl/fbAQLP

exports[`Render corectly 1`] = `
<View
  accessible={true}
  focusable={true}
  onClick={[Function]}
  onResponderGrant={[Function]}
  onResponderMove={[Function]}
  onResponderRelease={[Function]}
  onResponderTerminate={[Function]}
  onResponderTerminationRequest={[Function]}
  onStartShouldSetResponder={[Function]}
  style={
    Object {
      "alignItems": "center",
      "backgroundColor": "#D22322",
      "marginHorizontal": 20,
      "opacity": 1,
      "paddingHorizontal": 45,
      "paddingVertical": 10,
    }
  }
>
  <Text
    style={
      Object {
        "color": "#fff",
        "fontSize": 18,
        "fontWeight": "500",
      }
    }
    testID="buttonText"
  >
    0
  </Text>
</View>
`;
